// Jest Snapshot v1, https://goo.gl/fbAQLP

exports[`HomePage Container Snap Test render() renders the component 1`] = `
<div
  className="home-page safe-area"
>
  <div
    className="search-content"
  >
    <div
      className="header-hero"
    >
      Search Country
    </div>
    <div
      className="autocomplete-input"
    >
      <div
        className="layer-blur "
        onClick={[Function]}
      />
      <div
        className="search-icon"
      >
        <i
          className="bi bi-search"
        />
      </div>
      <div
        className="input-box-area "
      >
        <input
          onChange={[Function]}
          onFocus={[Function]}
          onKeyDown={[Function]}
          onKeyUp={[Function]}
          placeholder="Search country name.."
          type="text"
          value=""
        />
        <div
          className="list-view"
        >
          <div
            className="list-item helper"
          >
            <div
              className="icon-item"
            />
            <div
              className="text-item"
            >
              Lets, search country..
            </div>
          </div>
        </div>
      </div>
      <div
        className="loading-indicator "
      >
        <div
          className="spinning"
        >
          <i
            className="bi bi-hypnotize"
          />
        </div>
      </div>
      <div
        className="close-icon "
        onClick={[Function]}
      >
        <i
          className="bi bi-x-circle"
        />
      </div>
    </div>
  </div>
</div>
`;
